CCS PCH C Compiler, Version 5.008, 5967               03-dez-14 17:22

               Filename:   D:\Projetos\Modbus\rs485.lst

               ROM used:   1002 bytes (3%)
                           Largest free fragment is 31766
               RAM used:   8 (1%) at main() level
                           36 (2%) worst case
               Stack used: 3 locations
               Stack size: 31

*
0000:  GOTO   0396
.................... /* 
....................  * rs485.c 
....................  * 
....................  *  Created on: 27/11/2014 
....................  *      Author: cuki 
....................  */ 
....................  
.................... #include <18F452.h> 
.................... //////// Standard Header file for the PIC18F452 device //////////////// 
.................... #device PIC18F452 
0004:  ADDLW  12
0006:  MOVWF  FF6
0008:  MOVLW  00
000A:  ADDWFC FF7,F
000C:  TBLRD*+
000E:  MOVF   FF5,W
0010:  RETURN 0
0012:  DATA 00,00
0014:  DATA C1,C0
0016:  DATA 81,C1
0018:  DATA 40,01
001A:  DATA 01,C3
001C:  DATA C0,03
001E:  DATA 80,02
0020:  DATA 41,C2
0022:  DATA 01,C6
0024:  DATA C0,06
0026:  DATA 80,07
0028:  DATA 41,C7
002A:  DATA 00,05
002C:  DATA C1,C5
002E:  DATA 81,C4
0030:  DATA 40,04
0032:  DATA 01,CC
0034:  DATA C0,0C
0036:  DATA 80,0D
0038:  DATA 41,CD
003A:  DATA 00,0F
003C:  DATA C1,CF
003E:  DATA 81,CE
0040:  DATA 40,0E
0042:  DATA 00,0A
0044:  DATA C1,CA
0046:  DATA 81,CB
0048:  DATA 40,0B
004A:  DATA 01,C9
004C:  DATA C0,09
004E:  DATA 80,08
0050:  DATA 41,C8
0052:  DATA 01,D8
0054:  DATA C0,18
0056:  DATA 80,19
0058:  DATA 41,D9
005A:  DATA 00,1B
005C:  DATA C1,DB
005E:  DATA 81,DA
0060:  DATA 40,1A
0062:  DATA 00,1E
0064:  DATA C1,DE
0066:  DATA 81,DF
0068:  DATA 40,1F
006A:  DATA 01,DD
006C:  DATA C0,1D
006E:  DATA 80,1C
0070:  DATA 41,DC
0072:  DATA 00,14
0074:  DATA C1,D4
0076:  DATA 81,D5
0078:  DATA 40,15
007A:  DATA 01,D7
007C:  DATA C0,17
007E:  DATA 80,16
0080:  DATA 41,D6
0082:  DATA 01,D2
0084:  DATA C0,12
0086:  DATA 80,13
0088:  DATA 41,D3
008A:  DATA 00,11
008C:  DATA C1,D1
008E:  DATA 81,D0
0090:  DATA 40,10
0092:  DATA 01,F0
0094:  DATA C0,30
0096:  DATA 80,31
0098:  DATA 41,F1
009A:  DATA 00,33
009C:  DATA C1,F3
009E:  DATA 81,F2
00A0:  DATA 40,32
00A2:  DATA 00,36
00A4:  DATA C1,F6
00A6:  DATA 81,F7
00A8:  DATA 40,37
00AA:  DATA 01,F5
00AC:  DATA C0,35
00AE:  DATA 80,34
00B0:  DATA 41,F4
00B2:  DATA 00,3C
00B4:  DATA C1,FC
00B6:  DATA 81,FD
00B8:  DATA 40,3D
00BA:  DATA 01,FF
00BC:  DATA C0,3F
00BE:  DATA 80,3E
00C0:  DATA 41,FE
00C2:  DATA 01,FA
00C4:  DATA C0,3A
00C6:  DATA 80,3B
00C8:  DATA 41,FB
00CA:  DATA 00,39
00CC:  DATA C1,F9
00CE:  DATA 81,F8
00D0:  DATA 40,38
00D2:  DATA 00,28
00D4:  DATA C1,E8
00D6:  DATA 81,E9
00D8:  DATA 40,29
00DA:  DATA 01,EB
00DC:  DATA C0,2B
00DE:  DATA 80,2A
00E0:  DATA 41,EA
00E2:  DATA 01,EE
00E4:  DATA C0,2E
00E6:  DATA 80,2F
00E8:  DATA 41,EF
00EA:  DATA 00,2D
00EC:  DATA C1,ED
00EE:  DATA 81,EC
00F0:  DATA 40,2C
00F2:  DATA 01,E4
00F4:  DATA C0,24
00F6:  DATA 80,25
00F8:  DATA 41,E5
00FA:  DATA 00,27
00FC:  DATA C1,E7
00FE:  DATA 81,E6
0100:  DATA 40,26
0102:  DATA 00,22
0104:  DATA C1,E2
0106:  DATA 81,E3
0108:  DATA 40,23
010A:  DATA 01,E1
010C:  DATA C0,21
010E:  DATA 80,20
0110:  DATA 41,E0
0112:  DATA 01,A0
0114:  DATA C0,60
0116:  DATA 80,61
0118:  DATA 41,A1
011A:  DATA 00,63
011C:  DATA C1,A3
011E:  DATA 81,A2
0120:  DATA 40,62
0122:  DATA 00,66
0124:  DATA C1,A6
0126:  DATA 81,A7
0128:  DATA 40,67
012A:  DATA 01,A5
012C:  DATA C0,65
012E:  DATA 80,64
0130:  DATA 41,A4
0132:  DATA 00,6C
0134:  DATA C1,AC
0136:  DATA 81,AD
0138:  DATA 40,6D
013A:  DATA 01,AF
013C:  DATA C0,6F
013E:  DATA 80,6E
0140:  DATA 41,AE
0142:  DATA 01,AA
0144:  DATA C0,6A
0146:  DATA 80,6B
0148:  DATA 41,AB
014A:  DATA 00,69
014C:  DATA C1,A9
014E:  DATA 81,A8
0150:  DATA 40,68
0152:  DATA 00,78
0154:  DATA C1,B8
0156:  DATA 81,B9
0158:  DATA 40,79
015A:  DATA 01,BB
015C:  DATA C0,7B
015E:  DATA 80,7A
0160:  DATA 41,BA
0162:  DATA 01,BE
0164:  DATA C0,7E
0166:  DATA 80,7F
0168:  DATA 41,BF
016A:  DATA 00,7D
016C:  DATA C1,BD
016E:  DATA 81,BC
0170:  DATA 40,7C
0172:  DATA 01,B4
0174:  DATA C0,74
0176:  DATA 80,75
0178:  DATA 41,B5
017A:  DATA 00,77
017C:  DATA C1,B7
017E:  DATA 81,B6
0180:  DATA 40,76
0182:  DATA 00,72
0184:  DATA C1,B2
0186:  DATA 81,B3
0188:  DATA 40,73
018A:  DATA 01,B1
018C:  DATA C0,71
018E:  DATA 80,70
0190:  DATA 41,B0
0192:  DATA 00,50
0194:  DATA C1,90
0196:  DATA 81,91
0198:  DATA 40,51
019A:  DATA 01,93
019C:  DATA C0,53
019E:  DATA 80,52
01A0:  DATA 41,92
01A2:  DATA 01,96
01A4:  DATA C0,56
01A6:  DATA 80,57
01A8:  DATA 41,97
01AA:  DATA 00,55
01AC:  DATA C1,95
01AE:  DATA 81,94
01B0:  DATA 40,54
01B2:  DATA 01,9C
01B4:  DATA C0,5C
01B6:  DATA 80,5D
01B8:  DATA 41,9D
01BA:  DATA 00,5F
01BC:  DATA C1,9F
01BE:  DATA 81,9E
01C0:  DATA 40,5E
01C2:  DATA 00,5A
01C4:  DATA C1,9A
01C6:  DATA 81,9B
01C8:  DATA 40,5B
01CA:  DATA 01,99
01CC:  DATA C0,59
01CE:  DATA 80,58
01D0:  DATA 41,98
01D2:  DATA 01,88
01D4:  DATA C0,48
01D6:  DATA 80,49
01D8:  DATA 41,89
01DA:  DATA 00,4B
01DC:  DATA C1,8B
01DE:  DATA 81,8A
01E0:  DATA 40,4A
01E2:  DATA 00,4E
01E4:  DATA C1,8E
01E6:  DATA 81,8F
01E8:  DATA 40,4F
01EA:  DATA 01,8D
01EC:  DATA C0,4D
01EE:  DATA 80,4C
01F0:  DATA 41,8C
01F2:  DATA 00,44
01F4:  DATA C1,84
01F6:  DATA 81,85
01F8:  DATA 40,45
01FA:  DATA 01,87
01FC:  DATA C0,47
01FE:  DATA 80,46
0200:  DATA 41,86
0202:  DATA 01,82
0204:  DATA C0,42
0206:  DATA 80,43
0208:  DATA 41,83
020A:  DATA 00,41
020C:  DATA C1,81
020E:  DATA 81,80
0210:  DATA 40,40
....................  
.................... #list 
....................  
....................  
.................... #fuses HS 
....................  
.................... #use delay(clock=15MHz) 
*
0322:  CLRF   FEA
0324:  MOVLW  08
0326:  MOVWF  FE9
0328:  MOVF   FEF,W
032A:  BZ    0348
032C:  MOVLW  04
032E:  MOVWF  01
0330:  CLRF   00
0332:  DECFSZ 00,F
0334:  BRA    0332
0336:  DECFSZ 01,F
0338:  BRA    0330
033A:  MOVLW  DC
033C:  MOVWF  00
033E:  DECFSZ 00,F
0340:  BRA    033E
0342:  NOP   
0344:  DECFSZ FEF,F
0346:  BRA    032C
0348:  GOTO   03D4 (RETURN)
.................... #use rs232(xmit=PIN_C6, rcv=PIN_c7, enable=PIN_C5, baud=19200) 
034C:  BCF    F94.5
034E:  BSF    F8B.5
0350:  BTFSS  F9E.4
0352:  BRA    0350
0354:  MOVFF  0B,FAD
0358:  NOP   
035A:  BCF    F94.5
035C:  BSF    F8B.5
035E:  BTFSS  FAC.1
0360:  BRA    035E
0362:  BCF    F94.5
0364:  BCF    F8B.5
0366:  GOTO   038A (RETURN)
....................  
.................... #include "modbus.c" 
.................... /* 
....................  * modbus.c 
....................  * 
....................  *  Created on: 03/12/2014 
....................  *      Author: cuki 
....................  */ 
....................  
.................... #define read_coils					0x01 
.................... #define read_discrete_inputs		0x02 
.................... #define read_holding_registers		0x03 
.................... #define read_input_registers		0x04 
.................... #define write_single_coil			0x05 
.................... #define write_single_register		0x06 
.................... #define write_multiple_coils		0x0F 
.................... #define Write_multiple_registers	0x10 
....................  
.................... #define high	1 
.................... #define low		0 
....................  
.................... #define request_size	8 
....................  
.................... typedef struct simple_req_str { 
.................... 	int addr; 
.................... 	int cmd; 
.................... 	long from; 
.................... 	long to; 
.................... } s_req_type; 
....................  
.................... typedef union simple_req_un { 
.................... 	s_req_type structure; 
.................... 	int string[sizeof(s_req_type)]; 
.................... } s_un_req_type; 
....................  
.................... typedef struct req_str { 
.................... 	int addr; 
.................... 	int cmd; 
.................... 	long from; 
.................... 	long to; 
.................... 	long crc; 
.................... } req_type; 
....................  
.................... typedef union req_un { 
.................... 	req_type structure; 
.................... 	int string[sizeof(req_type)]; 
.................... } req_un_type; 
....................  
.................... static const long wCRCTable[] = { 0X0000, 0XC0C1, 0XC181, 0X0140, 0XC301, 
.................... 		0X03C0, 0X0280, 0XC241, 0XC601, 0X06C0, 0X0780, 0XC741, 0X0500, 0XC5C1, 
.................... 		0XC481, 0X0440, 0XCC01, 0X0CC0, 0X0D80, 0XCD41, 0X0F00, 0XCFC1, 0XCE81, 
.................... 		0X0E40, 0X0A00, 0XCAC1, 0XCB81, 0X0B40, 0XC901, 0X09C0, 0X0880, 0XC841, 
.................... 		0XD801, 0X18C0, 0X1980, 0XD941, 0X1B00, 0XDBC1, 0XDA81, 0X1A40, 0X1E00, 
.................... 		0XDEC1, 0XDF81, 0X1F40, 0XDD01, 0X1DC0, 0X1C80, 0XDC41, 0X1400, 0XD4C1, 
.................... 		0XD581, 0X1540, 0XD701, 0X17C0, 0X1680, 0XD641, 0XD201, 0X12C0, 0X1380, 
.................... 		0XD341, 0X1100, 0XD1C1, 0XD081, 0X1040, 0XF001, 0X30C0, 0X3180, 0XF141, 
.................... 		0X3300, 0XF3C1, 0XF281, 0X3240, 0X3600, 0XF6C1, 0XF781, 0X3740, 0XF501, 
.................... 		0X35C0, 0X3480, 0XF441, 0X3C00, 0XFCC1, 0XFD81, 0X3D40, 0XFF01, 0X3FC0, 
.................... 		0X3E80, 0XFE41, 0XFA01, 0X3AC0, 0X3B80, 0XFB41, 0X3900, 0XF9C1, 0XF881, 
.................... 		0X3840, 0X2800, 0XE8C1, 0XE981, 0X2940, 0XEB01, 0X2BC0, 0X2A80, 0XEA41, 
.................... 		0XEE01, 0X2EC0, 0X2F80, 0XEF41, 0X2D00, 0XEDC1, 0XEC81, 0X2C40, 0XE401, 
.................... 		0X24C0, 0X2580, 0XE541, 0X2700, 0XE7C1, 0XE681, 0X2640, 0X2200, 0XE2C1, 
.................... 		0XE381, 0X2340, 0XE101, 0X21C0, 0X2080, 0XE041, 0XA001, 0X60C0, 0X6180, 
.................... 		0XA141, 0X6300, 0XA3C1, 0XA281, 0X6240, 0X6600, 0XA6C1, 0XA781, 0X6740, 
.................... 		0XA501, 0X65C0, 0X6480, 0XA441, 0X6C00, 0XACC1, 0XAD81, 0X6D40, 0XAF01, 
.................... 		0X6FC0, 0X6E80, 0XAE41, 0XAA01, 0X6AC0, 0X6B80, 0XAB41, 0X6900, 0XA9C1, 
.................... 		0XA881, 0X6840, 0X7800, 0XB8C1, 0XB981, 0X7940, 0XBB01, 0X7BC0, 0X7A80, 
.................... 		0XBA41, 0XBE01, 0X7EC0, 0X7F80, 0XBF41, 0X7D00, 0XBDC1, 0XBC81, 0X7C40, 
.................... 		0XB401, 0X74C0, 0X7580, 0XB541, 0X7700, 0XB7C1, 0XB681, 0X7640, 0X7200, 
.................... 		0XB2C1, 0XB381, 0X7340, 0XB101, 0X71C0, 0X7080, 0XB041, 0X5000, 0X90C1, 
.................... 		0X9181, 0X5140, 0X9301, 0X53C0, 0X5280, 0X9241, 0X9601, 0X56C0, 0X5780, 
.................... 		0X9741, 0X5500, 0X95C1, 0X9481, 0X5440, 0X9C01, 0X5CC0, 0X5D80, 0X9D41, 
.................... 		0X5F00, 0X9FC1, 0X9E81, 0X5E40, 0X5A00, 0X9AC1, 0X9B81, 0X5B40, 0X9901, 
.................... 		0X59C0, 0X5880, 0X9841, 0X8801, 0X48C0, 0X4980, 0X8941, 0X4B00, 0X8BC1, 
.................... 		0X8A81, 0X4A40, 0X4E00, 0X8EC1, 0X8F81, 0X4F40, 0X8D01, 0X4DC0, 0X4C80, 
.................... 		0X8C41, 0X4400, 0X84C1, 0X8581, 0X4540, 0X8701, 0X47C0, 0X4680, 0X8641, 
.................... 		0X8201, 0X42C0, 0X4380, 0X8341, 0X4100, 0X81C1, 0X8081, 0X4040 }; 
....................  
.................... long CRC16(int *nData, long wLength) { 
*
0220:  SETF   22
0222:  SETF   21
.................... 	int nTemp; 
.................... 	long wCRCWord = 0xFFFF; 
....................  
.................... 	while (wLength--) { 
0224:  MOVFF  1F,03
0228:  MOVF   1E,W
022A:  BTFSC  FD8.2
022C:  DECF   1F,F
022E:  DECF   1E,F
0230:  IORWF  03,W
0232:  BZ    027E
.................... 		nTemp = *nData++ ^ wCRCWord; 
0234:  MOVFF  1D,03
0238:  MOVF   1C,W
023A:  INCF   1C,F
023C:  BTFSC  FD8.2
023E:  INCF   1D,F
0240:  MOVWF  FE9
0242:  MOVFF  03,FEA
0246:  MOVF   FEF,W
0248:  XORWF  21,W
024A:  MOVWF  20
.................... 		wCRCWord >>= 8; 
024C:  MOVFF  22,21
0250:  CLRF   22
.................... 		wCRCWord ^= wCRCTable[nTemp]; 
0252:  CLRF   03
0254:  MOVFF  20,02
0258:  BCF    FD8.0
025A:  RLCF   02,F
025C:  RLCF   03,F
025E:  MOVF   02,W
0260:  MOVFF  FF2,23
0264:  BCF    FF2.7
0266:  MOVFF  03,FF7
026A:  RCALL  0004
026C:  TBLRD*+
026E:  MOVFF  FF5,03
0272:  BTFSC  23.7
0274:  BSF    FF2.7
0276:  XORWF  21,F
0278:  MOVF   03,W
027A:  XORWF  22,F
027C:  BRA    0224
.................... 	} 
....................  
.................... 	return wCRCWord; 
027E:  MOVFF  21,01
0282:  MOVFF  22,02
0286:  GOTO   02DA (RETURN)
.................... } 
....................  
.................... long troca(long in) { 
.................... 	return make16(make8(in, 0), make8(in, 1)); 
*
0212:  MOVFF  1C,03
0216:  MOVFF  1D,01
021A:  MOVFF  1C,02
021E:  RETURN 0
.................... } 
....................  
.................... int *make_read_request(int dev_addr, long from, long to) { 
....................  
.................... 	if (from >= to) 
*
028A:  MOVF   0B,W
028C:  SUBWF  09,W
028E:  BNC   02A0
0290:  BNZ   0298
0292:  MOVF   0A,W
0294:  SUBWF  08,W
0296:  BNC   02A0
.................... 		return -1; 
0298:  MOVLW  FF
029A:  MOVWF  01
029C:  MOVWF  02
029E:  BRA    031E
....................  
.................... 	s_un_req_type pre_request; 
....................  
.................... 	pre_request.structure.addr = dev_addr; 
02A0:  MOVFF  07,0C
.................... 	pre_request.structure.cmd = read_holding_registers; 
02A4:  MOVLW  03
02A6:  MOVWF  0D
.................... 	pre_request.structure.from = troca(from); 
02A8:  MOVFF  09,1D
02AC:  MOVFF  08,1C
02B0:  RCALL  0212
02B2:  MOVFF  02,0F
02B6:  MOVFF  01,0E
.................... 	pre_request.structure.to = troca(to); 
02BA:  MOVFF  0B,1D
02BE:  MOVFF  0A,1C
02C2:  RCALL  0212
02C4:  MOVFF  02,11
02C8:  MOVFF  01,10
....................  
.................... 	long crc = CRC16(pre_request.string, 6); 
....................  
.................... 	req_un_type request; 
02CC:  CLRF   1D
02CE:  MOVLW  0C
02D0:  MOVWF  1C
02D2:  CLRF   1F
02D4:  MOVLW  06
02D6:  MOVWF  1E
02D8:  BRA    0220
02DA:  MOVFF  02,13
02DE:  MOVFF  01,12
....................  
.................... 	request.structure.addr = dev_addr; 
02E2:  MOVFF  07,14
.................... 	request.structure.cmd = read_holding_registers; 
02E6:  MOVLW  03
02E8:  MOVWF  15
.................... 	request.structure.from = troca(from); 
02EA:  MOVFF  09,1D
02EE:  MOVFF  08,1C
02F2:  RCALL  0212
02F4:  MOVFF  02,17
02F8:  MOVFF  01,16
.................... 	request.structure.to = troca(to); 
02FC:  MOVFF  0B,1D
0300:  MOVFF  0A,1C
0304:  RCALL  0212
0306:  MOVFF  02,19
030A:  MOVFF  01,18
.................... 	request.structure.crc = crc; 
030E:  MOVFF  13,1B
0312:  MOVFF  12,1A
....................  
.................... 	return request.string; 
0316:  MOVLW  14
0318:  MOVWF  01
031A:  MOVLW  00
031C:  MOVWF  02
031E:  GOTO   03C2 (RETURN)
.................... } 
....................  
.................... int send_request(int *output) { 
.................... 	int i; 
.................... 	for (i = 0; i < request_size; ++i) 
*
036A:  CLRF   09
036C:  MOVF   09,W
036E:  SUBLW  07
0370:  BNC   038E
.................... 		putc(output[i]); 
0372:  CLRF   03
0374:  MOVF   09,W
0376:  ADDWF  07,W
0378:  MOVWF  FE9
037A:  MOVF   08,W
037C:  ADDWFC 03,W
037E:  MOVWF  FEA
0380:  MOVFF  FEF,0A
0384:  MOVFF  0A,0B
0388:  BRA    034C
038A:  INCF   09,F
038C:  BRA    036C
....................  
.................... 	return 0; 
038E:  MOVLW  00
0390:  MOVWF  01
0392:  GOTO   03E2 (RETURN)
.................... } 
....................  
....................  
.................... int *request; 
....................  
.................... int main(void) { 
0396:  CLRF   FF8
0398:  BCF    FD0.7
039A:  BCF    F94.5
039C:  BCF    F8B.5
039E:  MOVLW  30
03A0:  MOVWF  FAF
03A2:  MOVLW  A6
03A4:  MOVWF  FAC
03A6:  MOVLW  90
03A8:  MOVWF  FAB
03AA:  BSF    FC1.0
03AC:  BSF    FC1.1
03AE:  BSF    FC1.2
03B0:  BCF    FC1.3
....................  
.................... 	int i; 
....................  
.................... 	request = make_read_request(1, 0, 10); 
03B2:  MOVLW  01
03B4:  MOVWF  07
03B6:  CLRF   09
03B8:  CLRF   08
03BA:  CLRF   0B
03BC:  MOVLW  0A
03BE:  MOVWF  0A
03C0:  BRA    028A
03C2:  MOVFF  02,05
03C6:  MOVFF  01,04
....................  
.................... 	while (TRUE) { 
....................  
.................... 		delay_ms(1000); 
03CA:  MOVLW  04
03CC:  MOVWF  07
03CE:  MOVLW  FA
03D0:  MOVWF  08
03D2:  BRA    0322
03D4:  DECFSZ 07,F
03D6:  BRA    03CE
....................  
.................... 		send_request(request); 
03D8:  MOVFF  05,08
03DC:  MOVFF  04,07
03E0:  BRA    036A
03E2:  BRA    03CA
.................... 	} 
....................  
.................... 	return 0; 
03E4:  MOVLW  00
03E6:  MOVWF  01
.................... } 
03E8:  SLEEP 

Configuration Fuses:
   Word  1: 2200   HS NOOSCSEN
   Word  2: 0E0E   PUT BROWNOUT BORV20 NOWDT WDT128
   Word  3: 0100   CCP2C1
   Word  4: 0081   STVREN NOLVP NODEBUG
   Word  5: C00F   NOPROTECT NOCPB NOCPD
   Word  6: E00F   NOWRT NOWRTC NOWRTB NOWRTD
   Word  7: 400F   NOEBTR NOEBTRB
